// Jest Snapshot v1, https://goo.gl/fbAQLP

exports[`HygieneScoresTable snapshot should render correctly 1`] = `<div />`;

exports[`HygieneScoresTable snapshot should render correctly when loading false 1`] = `
<div>
  <div>
    <h1>
      Coventry
    </h1>
    <table>
      <Connect(HygieneScoresTable) />
    </table>
  </div>
</div>
`;

exports[`HygieneScoresTable snapshot should render correctly when loading true 1`] = `<div />`;
